client/src/pages/Transactions.tsx(4427,21): error TS2304: Cannot find name 'dailyDetailsModalOpen'.
client/src/pages/Transactions.tsx(4427,58): error TS2304: Cannot find name 'setDailyDetailsModalOpen'.
client/src/pages/Transactions.tsx(4432,30): error TS2304: Cannot find name 'dailyDetailsType'.
client/src/pages/Transactions.tsx(4435,68): error TS2304: Cannot find name 'dailyDetailsDate'.
client/src/pages/Transactions.tsx(4450,18): error TS2304: Cannot find name 'demonstrativoTransactions'.
client/src/pages/Transactions.tsx(4451,28): error TS7006: Parameter 't' implicitly has an 'any' type.
client/src/pages/Transactions.tsx(4454,40): error TS2304: Cannot find name 'dailyDetailsDate'.
client/src/pages/Transactions.tsx(4454,71): error TS2304: Cannot find name 'dailyDetailsType'.
client/src/pages/Transactions.tsx(4456,25): error TS7006: Parameter 't' implicitly has an 'any' type.
client/src/pages/Transactions.tsx(4456,28): error TS7006: Parameter 'i' implicitly has an 'any' type.
client/src/pages/Transactions.tsx(4472,20): error TS2304: Cannot find name 'demonstrativoTransactions'.
client/src/pages/Transactions.tsx(4472,54): error TS7006: Parameter 't' implicitly has an 'any' type.
client/src/pages/Transactions.tsx(4475,40): error TS2304: Cannot find name 'dailyDetailsDate'.
client/src/pages/Transactions.tsx(4475,71): error TS2304: Cannot find name 'dailyDetailsType'.
client/src/pages/Transactions.tsx(4485,34): error TS2304: Cannot find name 'demonstrativoTransactions'.
client/src/pages/Transactions.tsx(4485,68): error TS7006: Parameter 't' implicitly has an 'any' type.
client/src/pages/Transactions.tsx(4488,40): error TS2304: Cannot find name 'dailyDetailsDate'.
client/src/pages/Transactions.tsx(4488,71): error TS2304: Cannot find name 'dailyDetailsType'.
client/src/pages/Transactions.tsx(4491,50): error TS7006: Parameter 'acc' implicitly has an 'any' type.
client/src/pages/Transactions.tsx(4491,55): error TS7006: Parameter 't' implicitly has an 'any' type.
client/src/pages/Transactions.tsx(4495,64): error TS2304: Cannot find name 'dailyDetailsType'.
